src/components/block/act-result-header.tsx(38,21): error TS2820: Type '"printer"' is not assignable to type '"Support" | "CubeScan" | "Rotate" | "Square" | "Cube" | "Square3" | "Aave" | "Activity" | "AddCircle" | "AddSquare" | "Add" | "Additem" | "Airdrop" | "AirplaneSquare" | "Airplane" | ... 991 more ... | undefined'. Did you mean '"Printer"'?
src/components/block/act-result-tile.tsx(101,41): error TS2820: Type '"arrow-down-a"' is not assignable to type '"Support" | "CubeScan" | "Rotate" | "Square" | "Cube" | "Square3" | "Aave" | "Activity" | "AddCircle" | "AddSquare" | "Add" | "Additem" | "Airdrop" | "AirplaneSquare" | "Airplane" | ... 991 more ... | undefined'. Did you mean '"ArrowDown"'?
src/components/block/act-result-tile.tsx(122,51): error TS2820: Type '"add"' is not assignable to type '"Support" | "CubeScan" | "Rotate" | "Square" | "Cube" | "Square3" | "Aave" | "Activity" | "AddCircle" | "AddSquare" | "Add" | "Additem" | "Airdrop" | "AirplaneSquare" | "Airplane" | ... 991 more ... | undefined'. Did you mean '"Add"'?
src/components/block/bread-crumb.tsx(92,41): error TS2820: Type '"arrow-down-c"' is not assignable to type '"Support" | "CubeScan" | "Rotate" | "Square" | "Cube" | "Square3" | "Aave" | "Activity" | "AddCircle" | "AddSquare" | "Add" | "Additem" | "Airdrop" | "AirplaneSquare" | "Airplane" | ... 991 more ... | undefined'. Did you mean '"ArrowDown"'?
src/components/block/context-action-menu.tsx(54,29): error TS2820: Type '"tick-circle"' is not assignable to type '"Support" | "CubeScan" | "Rotate" | "Square" | "Cube" | "Square3" | "Aave" | "Activity" | "AddCircle" | "AddSquare" | "Add" | "Additem" | "Airdrop" | "AirplaneSquare" | "Airplane" | ... 991 more ... | undefined'. Did you mean '"TickCircle"'?
src/components/block/context-window.tsx(106,29): error TS2820: Type '"info-circle"' is not assignable to type '"Support" | "CubeScan" | "Rotate" | "Square" | "Cube" | "Square3" | "Aave" | "Activity" | "AddCircle" | "AddSquare" | "Add" | "Additem" | "Airdrop" | "AirplaneSquare" | "Airplane" | ... 991 more ... | undefined'. Did you mean '"InfoCircle"'?
src/components/block/create-account-otp.tsx(86,33): error TS2820: Type '"arrow-left-a"' is not assignable to type '"Support" | "CubeScan" | "Rotate" | "Square" | "Cube" | "Square3" | "Aave" | "Activity" | "AddCircle" | "AddSquare" | "Add" | "Additem" | "Airdrop" | "AirplaneSquare" | "Airplane" | ... 991 more ... | undefined'. Did you mean '"ArrowLeft"'?
src/components/block/create-account-otp.tsx(105,41): error TS2820: Type '"call"' is not assignable to type '"Support" | "CubeScan" | "Rotate" | "Square" | "Cube" | "Square3" | "Aave" | "Activity" | "AddCircle" | "AddSquare" | "Add" | "Additem" | "Airdrop" | "AirplaneSquare" | "Airplane" | ... 991 more ... | undefined'. Did you mean '"Call"'?
src/components/block/create-account-otp.tsx(136,41): error TS2820: Type '"message-a"' is not assignable to type '"Support" | "CubeScan" | "Rotate" | "Square" | "Cube" | "Square3" | "Aave" | "Activity" | "AddCircle" | "AddSquare" | "Add" | "Additem" | "Airdrop" | "AirplaneSquare" | "Airplane" | ... 991 more ... | undefined'. Did you mean '"Message"'?
src/components/block/file-bar.tsx(93,25): error TS2820: Type '"edit-a"' is not assignable to type '"Support" | "CubeScan" | "Rotate" | "Square" | "Cube" | "Square3" | "Aave" | "Activity" | "AddCircle" | "AddSquare" | "Add" | "Additem" | "Airdrop" | "AirplaneSquare" | "Airplane" | ... 991 more ... | undefined'. Did you mean '"Edit"'?
src/components/block/file-bar.tsx(101,25): error TS2820: Type '"trash"' is not assignable to type '"Support" | "CubeScan" | "Rotate" | "Square" | "Cube" | "Square3" | "Aave" | "Activity" | "AddCircle" | "AddSquare" | "Add" | "Additem" | "Airdrop" | "AirplaneSquare" | "Airplane" | ... 991 more ... | undefined'. Did you mean '"Trash"'?
src/components/block/file-tree.tsx(183,37): error TS2322: Type '"folder-a" | "folder-open"' is not assignable to type '"Support" | "CubeScan" | "Rotate" | "Square" | "Cube" | "Square3" | "Aave" | "Activity" | "AddCircle" | "AddSquare" | "Add" | "Additem" | "Airdrop" | "AirplaneSquare" | "Airplane" | ... 991 more ... | undefined'.
  Type '"folder-a"' is not assignable to type '"Support" | "CubeScan" | "Rotate" | "Square" | "Cube" | "Square3" | "Aave" | "Activity" | "AddCircle" | "AddSquare" | "Add" | "Additem" | "Airdrop" | "AirplaneSquare" | "Airplane" | ... 991 more ... | undefined'.
src/components/block/file-tree.tsx(185,37): error TS2322: Type '"document-a" | "folder-a" | "message-a" | "note-a" | "save-b"' is not assignable to type '"Support" | "CubeScan" | "Rotate" | "Square" | "Cube" | "Square3" | "Aave" | "Activity" | "AddCircle" | "AddSquare" | "Add" | "Additem" | "Airdrop" | "AirplaneSquare" | "Airplane" | ... 991 more ... | undefined'.
  Type '"document-a"' is not assignable to type '"Support" | "CubeScan" | "Rotate" | "Square" | "Cube" | "Square3" | "Aave" | "Activity" | "AddCircle" | "AddSquare" | "Add" | "Additem" | "Airdrop" | "AirplaneSquare" | "Airplane" | ... 991 more ... | undefined'. Did you mean '"Document"'?
src/components/block/global-context.tsx(81,29): error TS2820: Type '"edit-a"' is not assignable to type '"Support" | "CubeScan" | "Rotate" | "Square" | "Cube" | "Square3" | "Aave" | "Activity" | "AddCircle" | "AddSquare" | "Add" | "Additem" | "Airdrop" | "AirplaneSquare" | "Airplane" | ... 991 more ... | undefined'. Did you mean '"Edit"'?
src/components/block/global-context.tsx(93,33): error TS2820: Type '"trash"' is not assignable to type '"Support" | "CubeScan" | "Rotate" | "Square" | "Cube" | "Square3" | "Aave" | "Activity" | "AddCircle" | "AddSquare" | "Add" | "Additem" | "Airdrop" | "AirplaneSquare" | "Airplane" | ... 991 more ... | undefined'. Did you mean '"Trash"'?
src/components/block/history-sidebar.tsx(162,29): error TS2322: Type '"cross" | "sidebar-left"' is not assignable to type '"Support" | "CubeScan" | "Rotate" | "Square" | "Cube" | "Square3" | "Aave" | "Activity" | "AddCircle" | "AddSquare" | "Add" | "Additem" | "Airdrop" | "AirplaneSquare" | "Airplane" | ... 991 more ... | undefined'.
  Type '"cross"' is not assignable to type '"Support" | "CubeScan" | "Rotate" | "Square" | "Cube" | "Square3" | "Aave" | "Activity" | "AddCircle" | "AddSquare" | "Add" | "Additem" | "Airdrop" | "AirplaneSquare" | "Airplane" | ... 991 more ... | undefined'. Did you mean '"Cross"'?
src/components/block/history-sidebar.tsx(356,37): error TS2820: Type '"sidebar-right"' is not assignable to type '"Support" | "CubeScan" | "Rotate" | "Square" | "Cube" | "Square3" | "Aave" | "Activity" | "AddCircle" | "AddSquare" | "Add" | "Additem" | "Airdrop" | "AirplaneSquare" | "Airplane" | ... 991 more ... | undefined'. Did you mean '"SidebarRight"'?
src/components/block/history-sidebar.tsx(378,45): error TS2820: Type '"edit-b"' is not assignable to type '"Support" | "CubeScan" | "Rotate" | "Square" | "Cube" | "Square3" | "Aave" | "Activity" | "AddCircle" | "AddSquare" | "Add" | "Additem" | "Airdrop" | "AirplaneSquare" | "Airplane" | ... 991 more ... | undefined'. Did you mean '"Edit"'?
src/components/block/history-sidebar.tsx(396,45): error TS2820: Type '"note-a"' is not assignable to type '"Support" | "CubeScan" | "Rotate" | "Square" | "Cube" | "Square3" | "Aave" | "Activity" | "AddCircle" | "AddSquare" | "Add" | "Additem" | "Airdrop" | "AirplaneSquare" | "Airplane" | ... 991 more ... | undefined'. Did you mean '"Note"'?
src/components/block/history-sidebar.tsx(414,45): error TS2322: Type '"folder-a"' is not assignable to type '"Support" | "CubeScan" | "Rotate" | "Square" | "Cube" | "Square3" | "Aave" | "Activity" | "AddCircle" | "AddSquare" | "Add" | "Additem" | "Airdrop" | "AirplaneSquare" | "Airplane" | ... 991 more ... | undefined'.
src/components/block/judgement-details.tsx(77,29): error TS2820: Type '"add"' is not assignable to type '"Support" | "CubeScan" | "Rotate" | "Square" | "Cube" | "Square3" | "Aave" | "Activity" | "AddCircle" | "AddSquare" | "Add" | "Additem" | "Airdrop" | "AirplaneSquare" | "Airplane" | ... 991 more ... | undefined'. Did you mean '"Add"'?
src/components/block/judgement-details.tsx(78,29): error TS2322: Type '"at"' is not assignable to type '"Support" | "CubeScan" | "Rotate" | "Square" | "Cube" | "Square3" | "Aave" | "Activity" | "AddCircle" | "AddSquare" | "Add" | "Additem" | "Airdrop" | "AirplaneSquare" | "Airplane" | ... 991 more ... | undefined'.
src/components/block/judgement-details.tsx(79,29): error TS2820: Type '"bookmark-a"' is not assignable to type '"Support" | "CubeScan" | "Rotate" | "Square" | "Cube" | "Square3" | "Aave" | "Activity" | "AddCircle" | "AddSquare" | "Add" | "Additem" | "Airdrop" | "AirplaneSquare" | "Airplane" | ... 991 more ... | undefined'. Did you mean '"Bookmark"'?
src/components/block/judgement-details.tsx(80,29): error TS2820: Type '"share-a"' is not assignable to type '"Support" | "CubeScan" | "Rotate" | "Square" | "Cube" | "Square3" | "Aave" | "Activity" | "AddCircle" | "AddSquare" | "Add" | "Additem" | "Airdrop" | "AirplaneSquare" | "Airplane" | ... 991 more ... | undefined'. Did you mean '"Share"'?
src/components/block/judgment-result-header.tsx(41,25): error TS2820: Type '"printer"' is not assignable to type '"Support" | "CubeScan" | "Rotate" | "Square" | "Cube" | "Square3" | "Aave" | "Activity" | "AddCircle" | "AddSquare" | "Add" | "Additem" | "Airdrop" | "AirplaneSquare" | "Airplane" | ... 991 more ... | undefined'. Did you mean '"Printer"'?
src/components/block/judgment-result-header.tsx(51,25): error TS2820: Type '"filter"' is not assignable to type '"Support" | "CubeScan" | "Rotate" | "Square" | "Cube" | "Square3" | "Aave" | "Activity" | "AddCircle" | "AddSquare" | "Add" | "Additem" | "Airdrop" | "AirplaneSquare" | "Airplane" | ... 991 more ... | undefined'. Did you mean '"Filter"'?
src/components/block/login-otp.tsx(64,33): error TS2820: Type '"arrow-left-a"' is not assignable to type '"Support" | "CubeScan" | "Rotate" | "Square" | "Cube" | "Square3" | "Aave" | "Activity" | "AddCircle" | "AddSquare" | "Add" | "Additem" | "Airdrop" | "AirplaneSquare" | "Airplane" | ... 991 more ... | undefined'. Did you mean '"ArrowLeft"'?
src/components/block/new-project.tsx(76,21): error TS2322: Type '"folder-a"' is not assignable to type '"Support" | "CubeScan" | "Rotate" | "Square" | "Cube" | "Square3" | "Aave" | "Activity" | "AddCircle" | "AddSquare" | "Add" | "Additem" | "Airdrop" | "AirplaneSquare" | "Airplane" | ... 991 more ... | undefined'.
src/components/block/notes-card.tsx(282,53): error TS2820: Type '"note-a"' is not assignable to type '"Support" | "CubeScan" | "Rotate" | "Square" | "Cube" | "Square3" | "Aave" | "Activity" | "AddCircle" | "AddSquare" | "Add" | "Additem" | "Airdrop" | "AirplaneSquare" | "Airplane" | ... 991 more ... | undefined'. Did you mean '"Note"'?
src/components/block/notes-card.tsx(290,45): error TS2820: Type '"received"' is not assignable to type '"Support" | "CubeScan" | "Rotate" | "Square" | "Cube" | "Square3" | "Aave" | "Activity" | "AddCircle" | "AddSquare" | "Add" | "Additem" | "Airdrop" | "AirplaneSquare" | "Airplane" | ... 991 more ... | undefined'. Did you mean '"Received"'?
src/components/block/notes-card.tsx(301,45): error TS2820: Type '"cross"' is not assignable to type '"Support" | "CubeScan" | "Rotate" | "Square" | "Cube" | "Square3" | "Aave" | "Activity" | "AddCircle" | "AddSquare" | "Add" | "Additem" | "Airdrop" | "AirplaneSquare" | "Airplane" | ... 991 more ... | undefined'. Did you mean '"Cross"'?
src/components/block/notes-card.tsx(322,65): error TS2820: Type '"add"' is not assignable to type '"Support" | "CubeScan" | "Rotate" | "Square" | "Cube" | "Square3" | "Aave" | "Activity" | "AddCircle" | "AddSquare" | "Add" | "Additem" | "Airdrop" | "AirplaneSquare" | "Airplane" | ... 991 more ... | undefined'. Did you mean '"Add"'?
src/components/block/notes-card.tsx(323,65): error TS2820: Type '"edit-a"' is not assignable to type '"Support" | "CubeScan" | "Rotate" | "Square" | "Cube" | "Square3" | "Aave" | "Activity" | "AddCircle" | "AddSquare" | "Add" | "Additem" | "Airdrop" | "AirplaneSquare" | "Airplane" | ... 991 more ... | undefined'. Did you mean '"Edit"'?
src/components/block/notes-card.tsx(324,65): error TS2820: Type '"trash"' is not assignable to type '"Support" | "CubeScan" | "Rotate" | "Square" | "Cube" | "Square3" | "Aave" | "Activity" | "AddCircle" | "AddSquare" | "Add" | "Additem" | "Airdrop" | "AirplaneSquare" | "Airplane" | ... 991 more ... | undefined'. Did you mean '"Trash"'?
src/components/block/notes-card.tsx(362,69): error TS2820: Type '"arrow-down-c"' is not assignable to type '"Support" | "CubeScan" | "Rotate" | "Square" | "Cube" | "Square3" | "Aave" | "Activity" | "AddCircle" | "AddSquare" | "Add" | "Additem" | "Airdrop" | "AirplaneSquare" | "Airplane" | ... 991 more ... | undefined'. Did you mean '"ArrowDown"'?
src/components/block/notes-card.tsx(381,49): error TS2820: Type '"text-bold"' is not assignable to type '"Support" | "CubeScan" | "Rotate" | "Square" | "Cube" | "Square3" | "Aave" | "Activity" | "AddCircle" | "AddSquare" | "Add" | "Additem" | "Airdrop" | "AirplaneSquare" | "Airplane" | ... 991 more ... | undefined'. Did you mean '"TextBold"'?
src/components/block/notes-card.tsx(389,49): error TS2820: Type '"text-italic"' is not assignable to type '"Support" | "CubeScan" | "Rotate" | "Square" | "Cube" | "Square3" | "Aave" | "Activity" | "AddCircle" | "AddSquare" | "Add" | "Additem" | "Airdrop" | "AirplaneSquare" | "Airplane" | ... 991 more ... | undefined'. Did you mean '"TextItalic"'?
src/components/block/notes-card.tsx(397,49): error TS2820: Type '"text-underline"' is not assignable to type '"Support" | "CubeScan" | "Rotate" | "Square" | "Cube" | "Square3" | "Aave" | "Activity" | "AddCircle" | "AddSquare" | "Add" | "Additem" | "Airdrop" | "AirplaneSquare" | "Airplane" | ... 991 more ... | undefined'. Did you mean '"TextUnderline"'?
src/components/block/notes-card.tsx(410,49): error TS2820: Type '"textalign-left"' is not assignable to type '"Support" | "CubeScan" | "Rotate" | "Square" | "Cube" | "Square3" | "Aave" | "Activity" | "AddCircle" | "AddSquare" | "Add" | "Additem" | "Airdrop" | "AirplaneSquare" | "Airplane" | ... 991 more ... | undefined'. Did you mean '"TextalignLeft"'?
src/components/block/notes-card.tsx(418,49): error TS2820: Type '"textalign-center"' is not assignable to type '"Support" | "CubeScan" | "Rotate" | "Square" | "Cube" | "Square3" | "Aave" | "Activity" | "AddCircle" | "AddSquare" | "Add" | "Additem" | "Airdrop" | "AirplaneSquare" | "Airplane" | ... 991 more ... | undefined'. Did you mean '"TextalignCenter"'?
src/components/block/notes-card.tsx(426,49): error TS2820: Type '"textalign-right"' is not assignable to type '"Support" | "CubeScan" | "Rotate" | "Square" | "Cube" | "Square3" | "Aave" | "Activity" | "AddCircle" | "AddSquare" | "Add" | "Additem" | "Airdrop" | "AirplaneSquare" | "Airplane" | ... 991 more ... | undefined'. Did you mean '"TextalignRight"'?
src/components/block/notes-card.tsx(434,49): error TS2820: Type '"textalign-justifycenter"' is not assignable to type '"Support" | "CubeScan" | "Rotate" | "Square" | "Cube" | "Square3" | "Aave" | "Activity" | "AddCircle" | "AddSquare" | "Add" | "Additem" | "Airdrop" | "AirplaneSquare" | "Airplane" | ... 991 more ... | undefined'. Did you mean '"TextalignJustifycenter"'?
src/components/block/notes-card.tsx(447,49): error TS2820: Type '"link-b"' is not assignable to type '"Support" | "CubeScan" | "Rotate" | "Square" | "Cube" | "Square3" | "Aave" | "Activity" | "AddCircle" | "AddSquare" | "Add" | "Additem" | "Airdrop" | "AirplaneSquare" | "Airplane" | ... 991 more ... | undefined'. Did you mean '"Link"'?
src/components/block/notes-card.tsx(460,49): error TS2820: Type '"image"' is not assignable to type '"Support" | "CubeScan" | "Rotate" | "Square" | "Cube" | "Square3" | "Aave" | "Activity" | "AddCircle" | "AddSquare" | "Add" | "Additem" | "Airdrop" | "AirplaneSquare" | "Airplane" | ... 991 more ... | undefined'. Did you mean '"Image"'?
src/components/block/notes-card.tsx(478,57): error TS2322: Type '"at"' is not assignable to type '"Support" | "CubeScan" | "Rotate" | "Square" | "Cube" | "Square3" | "Aave" | "Activity" | "AddCircle" | "AddSquare" | "Add" | "Additem" | "Airdrop" | "AirplaneSquare" | "Airplane" | ... 991 more ... | undefined'.
src/components/block/notes-card.tsx(479,57): error TS2820: Type '"share-a"' is not assignable to type '"Support" | "CubeScan" | "Rotate" | "Square" | "Cube" | "Square3" | "Aave" | "Activity" | "AddCircle" | "AddSquare" | "Add" | "Additem" | "Airdrop" | "AirplaneSquare" | "Airplane" | ... 991 more ... | undefined'. Did you mean '"Share"'?
src/components/block/notes-card.tsx(526,41): error TS2820: Type '"send-c"' is not assignable to type '"Support" | "CubeScan" | "Rotate" | "Square" | "Cube" | "Square3" | "Aave" | "Activity" | "AddCircle" | "AddSquare" | "Add" | "Additem" | "Airdrop" | "AirplaneSquare" | "Airplane" | ... 991 more ... | undefined'. Did you mean '"Send"'?
src/components/block/notes-card.tsx(539,41): error TS2820: Type '"export-b"' is not assignable to type '"Support" | "CubeScan" | "Rotate" | "Square" | "Cube" | "Square3" | "Aave" | "Activity" | "AddCircle" | "AddSquare" | "Add" | "Additem" | "Airdrop" | "AirplaneSquare" | "Airplane" | ... 991 more ... | undefined'. Did you mean '"Export"'?
src/components/block/notes-card.tsx(548,41): error TS2820: Type '"arrow-down-c"' is not assignable to type '"Support" | "CubeScan" | "Rotate" | "Square" | "Cube" | "Square3" | "Aave" | "Activity" | "AddCircle" | "AddSquare" | "Add" | "Additem" | "Airdrop" | "AirplaneSquare" | "Airplane" | ... 991 more ... | undefined'. Did you mean '"ArrowDown"'?
src/components/block/response-actions.tsx(96,29): error TS2820: Type '"dislike"' is not assignable to type '"Support" | "CubeScan" | "Rotate" | "Square" | "Cube" | "Square3" | "Aave" | "Activity" | "AddCircle" | "AddSquare" | "Add" | "Additem" | "Airdrop" | "AirplaneSquare" | "Airplane" | ... 991 more ... | undefined'. Did you mean '"Dislike"'?
src/components/block/response-actions.tsx(114,21): error TS2820: Type '"like-a"' is not assignable to type '"Support" | "CubeScan" | "Rotate" | "Square" | "Cube" | "Square3" | "Aave" | "Activity" | "AddCircle" | "AddSquare" | "Add" | "Additem" | "Airdrop" | "AirplaneSquare" | "Airplane" | ... 991 more ... | undefined'. Did you mean '"Like"'?
src/components/block/response-actions.tsx(132,21): error TS2820: Type '"refresh-a"' is not assignable to type '"Support" | "CubeScan" | "Rotate" | "Square" | "Cube" | "Square3" | "Aave" | "Activity" | "AddCircle" | "AddSquare" | "Add" | "Additem" | "Airdrop" | "AirplaneSquare" | "Airplane" | ... 991 more ... | undefined'. Did you mean '"Refresh"'?
src/components/block/response-actions.tsx(149,21): error TS2820: Type '"copy"' is not assignable to type '"Support" | "CubeScan" | "Rotate" | "Square" | "Cube" | "Square3" | "Aave" | "Activity" | "AddCircle" | "AddSquare" | "Add" | "Additem" | "Airdrop" | "AirplaneSquare" | "Airplane" | ... 991 more ... | undefined'. Did you mean '"Copy"'?
src/components/block/result-panel.tsx(154,17): error TS2820: Type '"printer"' is not assignable to type '"Support" | "CubeScan" | "Rotate" | "Square" | "Cube" | "Square3" | "Aave" | "Activity" | "AddCircle" | "AddSquare" | "Add" | "Additem" | "Airdrop" | "AirplaneSquare" | "Airplane" | ... 991 more ... | undefined'. Did you mean '"Printer"'?
src/components/block/result-panel.tsx(164,17): error TS2820: Type '"filter"' is not assignable to type '"Support" | "CubeScan" | "Rotate" | "Square" | "Cube" | "Square3" | "Aave" | "Activity" | "AddCircle" | "AddSquare" | "Add" | "Additem" | "Airdrop" | "AirplaneSquare" | "Airplane" | ... 991 more ... | undefined'. Did you mean '"Filter"'?
src/components/block/result-panel.tsx(176,13): error TS2820: Type '"printer"' is not assignable to type '"Support" | "CubeScan" | "Rotate" | "Square" | "Cube" | "Square3" | "Aave" | "Activity" | "AddCircle" | "AddSquare" | "Add" | "Additem" | "Airdrop" | "AirplaneSquare" | "Airplane" | ... 991 more ... | undefined'. Did you mean '"Printer"'?
src/components/block/saved-billing-details.tsx(68,25): error TS2820: Type '"edit-a"' is not assignable to type '"Support" | "CubeScan" | "Rotate" | "Square" | "Cube" | "Square3" | "Aave" | "Activity" | "AddCircle" | "AddSquare" | "Add" | "Additem" | "Airdrop" | "AirplaneSquare" | "Airplane" | ... 991 more ... | undefined'. Did you mean '"Edit"'?
src/components/block/saved-billing-details.tsx(81,25): error TS2820: Type '"trash"' is not assignable to type '"Support" | "CubeScan" | "Rotate" | "Square" | "Cube" | "Square3" | "Aave" | "Activity" | "AddCircle" | "AddSquare" | "Add" | "Additem" | "Airdrop" | "AirplaneSquare" | "Airplane" | ... 991 more ... | undefined'. Did you mean '"Trash"'?
src/components/block/search-engine-input.tsx(1611,33): error TS2322: Type '"stop" | "arrow-up-d"' is not assignable to type '"Support" | "CubeScan" | "Rotate" | "Square" | "Cube" | "Square3" | "Aave" | "Activity" | "AddCircle" | "AddSquare" | "Add" | "Additem" | "Airdrop" | "AirplaneSquare" | "Airplane" | ... 991 more ... | undefined'.
  Type '"stop"' is not assignable to type '"Support" | "CubeScan" | "Rotate" | "Square" | "Cube" | "Square3" | "Aave" | "Activity" | "AddCircle" | "AddSquare" | "Add" | "Additem" | "Airdrop" | "AirplaneSquare" | "Airplane" | ... 991 more ... | undefined'. Did you mean '"Stop"'?
src/components/block/share-search-dialog.tsx(141,25): error TS2820: Type '"share-a"' is not assignable to type '"Support" | "CubeScan" | "Rotate" | "Square" | "Cube" | "Square3" | "Aave" | "Activity" | "AddCircle" | "AddSquare" | "Add" | "Additem" | "Airdrop" | "AirplaneSquare" | "Airplane" | ... 991 more ... | undefined'. Did you mean '"Share"'?
src/components/block/share-search-dialog.tsx(162,37): error TS2820: Type '"send-a"' is not assignable to type '"Support" | "CubeScan" | "Rotate" | "Square" | "Cube" | "Square3" | "Aave" | "Activity" | "AddCircle" | "AddSquare" | "Add" | "Additem" | "Airdrop" | "AirplaneSquare" | "Airplane" | ... 991 more ... | undefined'. Did you mean '"Send"'?
src/components/block/sidebar-action-buttons.tsx(23,21): error TS2820: Type '"edit-b"' is not assignable to type '"Support" | "CubeScan" | "Rotate" | "Square" | "Cube" | "Square3" | "Aave" | "Activity" | "AddCircle" | "AddSquare" | "Add" | "Additem" | "Airdrop" | "AirplaneSquare" | "Airplane" | ... 991 more ... | undefined'. Did you mean '"Edit"'?
src/components/block/sidebar-action-buttons.tsx(38,21): error TS2820: Type '"note-a"' is not assignable to type '"Support" | "CubeScan" | "Rotate" | "Square" | "Cube" | "Square3" | "Aave" | "Activity" | "AddCircle" | "AddSquare" | "Add" | "Additem" | "Airdrop" | "AirplaneSquare" | "Airplane" | ... 991 more ... | undefined'. Did you mean '"Note"'?
src/components/block/sidebar-action-buttons.tsx(53,21): error TS2322: Type '"folder-a"' is not assignable to type '"Support" | "CubeScan" | "Rotate" | "Square" | "Cube" | "Square3" | "Aave" | "Activity" | "AddCircle" | "AddSquare" | "Add" | "Additem" | "Airdrop" | "AirplaneSquare" | "Airplane" | ... 991 more ... | undefined'.
src/stories/act-result-tile.stories.tsx(38,14): error TS2741: Property 'id' is missing in type '{ onAdd: () => void; onBookmark: () => void; onMention: () => void; className: string; isAdded: boolean; isBookmarked: boolean; isMentioned: boolean; title: string; section: string; description: string; }' but required in type 'ActResultTileProps'.
src/stories/icon-button.stories.tsx(28,5): error TS2820: Type '"clipboard-text"' is not assignable to type '"Support" | "CubeScan" | "Rotate" | "Square" | "Cube" | "Square3" | "Aave" | "Activity" | "AddCircle" | "AddSquare" | "Add" | "Additem" | "Airdrop" | "AirplaneSquare" | "Airplane" | ... 991 more ... | undefined'. Did you mean '"ClipboardText"'?
src/stories/judgment-nudge.stories.tsx(32,5): error TS2322: Type '{ isConfirmed: false; isExpanded: true; title: string; citation: string; court: string; date: string; bench: string; summary: string; }' is not assignable to type 'Partial<{ className?: string | undefined; isConfirmed?: boolean | undefined; isExpanded?: boolean | undefined; onToggleExpand?: ((expanded: boolean) => void) | undefined; onConfirm?: (() => void) | undefined; ... 6 more ...; description: string; }> & { ...; }'.
  Property 'description' is missing in type '{ isConfirmed: false; isExpanded: true; title: string; citation: string; court: string; date: string; bench: string; summary: string; }' but required in type '{ className?: string | undefined; isConfirmed?: boolean | undefined; isExpanded?: boolean | undefined; onToggleExpand?: ((expanded: boolean) => void) | undefined; onConfirm?: (() => void) | undefined; ... 6 more ...; description: string; }'.
src/stories/judgment-nudge.stories.tsx(40,5): error TS2322: Type '{ isConfirmed: false; isExpanded: false; title: string; citation: string; court: string; date: string; bench: string; summary: string; }' is not assignable to type 'Partial<{ className?: string | undefined; isConfirmed?: boolean | undefined; isExpanded?: boolean | undefined; onToggleExpand?: ((expanded: boolean) => void) | undefined; onConfirm?: (() => void) | undefined; ... 6 more ...; description: string; }> & { ...; }'.
  Property 'description' is missing in type '{ isConfirmed: false; isExpanded: false; title: string; citation: string; court: string; date: string; bench: string; summary: string; }' but required in type '{ className?: string | undefined; isConfirmed?: boolean | undefined; isExpanded?: boolean | undefined; onToggleExpand?: ((expanded: boolean) => void) | undefined; onConfirm?: (() => void) | undefined; ... 6 more ...; description: string; }'.
src/stories/judgment-nudge.stories.tsx(48,5): error TS2322: Type '{ isConfirmed: true; isExpanded: true; title: string; citation: string; court: string; date: string; bench: string; summary: string; }' is not assignable to type 'Partial<{ className?: string | undefined; isConfirmed?: boolean | undefined; isExpanded?: boolean | undefined; onToggleExpand?: ((expanded: boolean) => void) | undefined; onConfirm?: (() => void) | undefined; ... 6 more ...; description: string; }> & { ...; }'.
  Property 'description' is missing in type '{ isConfirmed: true; isExpanded: true; title: string; citation: string; court: string; date: string; bench: string; summary: string; }' but required in type '{ className?: string | undefined; isConfirmed?: boolean | undefined; isExpanded?: boolean | undefined; onToggleExpand?: ((expanded: boolean) => void) | undefined; onConfirm?: (() => void) | undefined; ... 6 more ...; description: string; }'.
src/stories/judgment-nudge.stories.tsx(56,5): error TS2322: Type '{ isConfirmed: true; isExpanded: false; title: string; citation: string; court: string; date: string; bench: string; summary: string; }' is not assignable to type 'Partial<{ className?: string | undefined; isConfirmed?: boolean | undefined; isExpanded?: boolean | undefined; onToggleExpand?: ((expanded: boolean) => void) | undefined; onConfirm?: (() => void) | undefined; ... 6 more ...; description: string; }> & { ...; }'.
  Property 'description' is missing in type '{ isConfirmed: true; isExpanded: false; title: string; citation: string; court: string; date: string; bench: string; summary: string; }' but required in type '{ className?: string | undefined; isConfirmed?: boolean | undefined; isExpanded?: boolean | undefined; onToggleExpand?: ((expanded: boolean) => void) | undefined; onConfirm?: (() => void) | undefined; ... 6 more ...; description: string; }'.
src/stories/judgment-nudge.stories.tsx(64,5): error TS2322: Type '{ title: string; citation: string; court: string; date: string; bench: string; summary: string; }' is not assignable to type 'Partial<{ className?: string | undefined; isConfirmed?: boolean | undefined; isExpanded?: boolean | undefined; onToggleExpand?: ((expanded: boolean) => void) | undefined; onConfirm?: (() => void) | undefined; ... 6 more ...; description: string; }> & { ...; }'.
  Property 'description' is missing in type '{ title: string; citation: string; court: string; date: string; bench: string; summary: string; }' but required in type '{ className?: string | undefined; isConfirmed?: boolean | undefined; isExpanded?: boolean | undefined; onToggleExpand?: ((expanded: boolean) => void) | undefined; onConfirm?: (() => void) | undefined; ... 6 more ...; description: string; }'.
src/stories/judgment-nudge.stories.tsx(71,18): error TS2741: Property 'description' is missing in type '{ isConfirmed: boolean; isExpanded: boolean; onToggleExpand: Dispatch<SetStateAction<boolean>>; onConfirm: () => void; onReject: () => void; title: string; citation: string; court: string; date: string; bench: string; summary: string; }' but required in type 'JudgmentNudgeProps'.
src/stories/judgment-selection-list.stories.tsx(58,9): error TS2322: Type '{ index: string; title: string; citation: string; court: string; date: string; bench: string; summary: string; matchScore: number; }[]' is not assignable to type 'JudgmentTileProps[]'.
  Type '{ index: string; title: string; citation: string; court: string; date: string; bench: string; summary: string; matchScore: number; }' is missing the following properties from type 'JudgmentTileProps': id, year, description, matchPercentage
src/stories/judgment-selection-list.stories.tsx(67,9): error TS2322: Type '{ index: string; title: string; citation: string; court: string; date: string; bench: string; summary: string; matchScore: number; }[]' is not assignable to type 'JudgmentTileProps[]'.
  Type '{ index: string; title: string; citation: string; court: string; date: string; bench: string; summary: string; matchScore: number; }' is missing the following properties from type 'JudgmentTileProps': id, year, description, matchPercentage
src/stories/judgment-selection-list.stories.tsx(77,9): error TS2322: Type '{ index: string; title: string; citation: string; court: string; date: string; bench: string; summary: string; matchScore: number; }[]' is not assignable to type 'JudgmentTileProps[]'.
  Type '{ index: string; title: string; citation: string; court: string; date: string; bench: string; summary: string; matchScore: number; }' is missing the following properties from type 'JudgmentTileProps': id, year, description, matchPercentage
src/stories/judgment-selection-list.stories.tsx(86,9): error TS2322: Type '{ index: string; title: string; citation: string; court: string; date: string; bench: string; summary: string; matchScore: number; }[]' is not assignable to type 'JudgmentTileProps[]'.
  Type '{ index: string; title: string; citation: string; court: string; date: string; bench: string; summary: string; matchScore: number; }' is missing the following properties from type 'JudgmentTileProps': id, year, description, matchPercentage
src/stories/judgment-selection-list.stories.tsx(94,13): error TS2322: Type '{ index: string; title: string; citation: string; court: string; date: string; bench: string; summary: string; matchScore: number; }[]' is not assignable to type 'JudgmentTileProps[]'.
  Type '{ index: string; title: string; citation: string; court: string; date: string; bench: string; summary: string; matchScore: number; }' is missing the following properties from type 'JudgmentTileProps': id, year, description, matchPercentage
src/stories/judgment-tile.stories.tsx(35,5): error TS2322: Type '{ selectionState: "default"; index: string; title: string; citation: string; court: string; date: string; bench: string; summary: string; matchScore: number; }' is not assignable to type 'Partial<{ id: string; className?: string | undefined; index?: string | number | undefined; title: string; citation?: string | undefined; court: string; year: string; bench?: string | undefined; ... 11 more ...; onClick?: (() => void) | undefined; }> & { ...; }'.
  Type '{ selectionState: "default"; index: string; title: string; citation: string; court: string; date: string; bench: string; summary: string; matchScore: number; }' is missing the following properties from type '{ id: string; className?: string | undefined; index?: string | number | undefined; title: string; citation?: string | undefined; court: string; year: string; bench?: string | undefined; description: string; ... 10 more ...; onClick?: (() => void) | undefined; }': id, year, description, matchPercentage
src/stories/judgment-tile.stories.tsx(42,5): error TS2322: Type '{ index: string; selectionState: "selected"; title: string; citation: string; court: string; date: string; bench: string; summary: string; matchScore: number; }' is not assignable to type 'Partial<{ id: string; className?: string | undefined; index?: string | number | undefined; title: string; citation?: string | undefined; court: string; year: string; bench?: string | undefined; ... 11 more ...; onClick?: (() => void) | undefined; }> & { ...; }'.
  Type '{ index: string; selectionState: "selected"; title: string; citation: string; court: string; date: string; bench: string; summary: string; matchScore: number; }' is missing the following properties from type '{ id: string; className?: string | undefined; index?: string | number | undefined; title: string; citation?: string | undefined; court: string; year: string; bench?: string | undefined; description: string; ... 10 more ...; onClick?: (() => void) | undefined; }': id, year, description, matchPercentage
src/stories/judgment-tile.stories.tsx(50,5): error TS2322: Type '{ index: string; selectionState: "unselected"; title: string; citation: string; court: string; date: string; bench: string; summary: string; matchScore: number; }' is not assignable to type 'Partial<{ id: string; className?: string | undefined; index?: string | number | undefined; title: string; citation?: string | undefined; court: string; year: string; bench?: string | undefined; ... 11 more ...; onClick?: (() => void) | undefined; }> & { ...; }'.
  Type '{ index: string; selectionState: "unselected"; title: string; citation: string; court: string; date: string; bench: string; summary: string; matchScore: number; }' is missing the following properties from type '{ id: string; className?: string | undefined; index?: string | number | undefined; title: string; citation?: string | undefined; court: string; year: string; bench?: string | undefined; description: string; ... 10 more ...; onClick?: (() => void) | undefined; }': id, year, description, matchPercentage
src/stories/order-summary.stories.tsx(32,9): error TS2741: Property 'monthlyPrice' is missing in type '{ planName: string; credits: string; currentFrequency: "yearly"; subtotal: number; gst: number; promoCode: string; promoDiscount: number; isPromoApplied: boolean; autoRenewDate: string; yearlyPrice: string; }' but required in type 'OrderSummaryData'.
src/stories/order-summary.stories.tsx(38,9): error TS2741: Property 'monthlyPrice' is missing in type '{ currentFrequency: "monthly"; subtotal: number; gst: number; isPromoApplied: false; planName: string; credits: string; promoCode: string; promoDiscount: number; autoRenewDate: string; yearlyPrice: string; }' but required in type 'OrderSummaryData'.
src/stories/order-summary.stories.tsx(50,9): error TS2741: Property 'monthlyPrice' is missing in type '{ isPromoApplied: false; planName: string; credits: string; currentFrequency: "yearly"; subtotal: number; gst: number; promoCode: string; promoDiscount: number; autoRenewDate: string; yearlyPrice: string; }' but required in type 'OrderSummaryData'.
src/stories/order-summary.stories.tsx(91,9): error TS2741: Property 'monthlyPrice' is missing in type '{ isPromoApplied: false; planName: string; credits: string; currentFrequency: "yearly"; subtotal: number; gst: number; promoCode: string; promoDiscount: number; autoRenewDate: string; yearlyPrice: string; }' but required in type 'OrderSummaryData'.
src/stories/result-panel.stories.tsx(20,5): error TS2322: Type '{ title: string; matchPercentage: string; citationCount: number; description: string; year: string; court: string; isAdded: false; isBookmarked: false; isMentioned: false; }[]' is not assignable to type 'JudgmentTileProps[]'.
  Property 'id' is missing in type '{ title: string; matchPercentage: string; citationCount: number; description: string; year: string; court: string; isAdded: false; isBookmarked: false; isMentioned: false; }' but required in type 'JudgmentTileProps'.
src/stories/result-panel.stories.tsx(34,5): error TS2322: Type '{ title: string; section: string; description: string; isAdded: false; isBookmarked: false; isMentioned: false; }[]' is not assignable to type 'ActResultTileProps[]'.
  Property 'id' is missing in type '{ title: string; section: string; description: string; isAdded: false; isBookmarked: false; isMentioned: false; }' but required in type 'ActResultTileProps'.
src/stories/search-section.stories.tsx(74,21): error TS2820: Type '"printer"' is not assignable to type '"Support" | "CubeScan" | "Rotate" | "Square" | "Cube" | "Square3" | "Aave" | "Activity" | "AddCircle" | "AddSquare" | "Add" | "Additem" | "Airdrop" | "AirplaneSquare" | "Airplane" | ... 991 more ... | undefined'. Did you mean '"Printer"'?
src/stories/search-section.stories.tsx(83,21): error TS2820: Type '"filter"' is not assignable to type '"Support" | "CubeScan" | "Rotate" | "Square" | "Cube" | "Square3" | "Aave" | "Activity" | "AddCircle" | "AddSquare" | "Add" | "Additem" | "Airdrop" | "AirplaneSquare" | "Airplane" | ... 991 more ... | undefined'. Did you mean '"Filter"'?
src/stories/search-section.stories.tsx(105,17): error TS2820: Type '"printer"' is not assignable to type '"Support" | "CubeScan" | "Rotate" | "Square" | "Cube" | "Square3" | "Aave" | "Activity" | "AddCircle" | "AddSquare" | "Add" | "Additem" | "Airdrop" | "AirplaneSquare" | "Airplane" | ... 991 more ... | undefined'. Did you mean '"Printer"'?
